main.c:62:13:nopDelay	16	static,ignoring_inline_asm
main.c:70:13:data_as_output	32	static
main.c:82:13:data_as_input	32	static
main.c:95:13:clk_hi	8	static
main.c:100:13:clk_low	8	static
main.c:105:13:data_write	24	static
main.c:116:16:data_read	16	static
main.c:172:13:reset_hi	8	static
main.c:177:13:reset_low	8	static
main.c:182:13:vcc_enable	8	static
main.c:187:13:vcc_disable	8	static
main.c:192:13:sel_set	16	static
main.c:215:13:wr_low	8	static
main.c:220:13:wr_high	8	static
main.c:226:13:reset_pulses	16	static
main.c:241:13:clk_pulse	8	static
main.c:256:5:main	16	static
main.c:355:6:SystemClock_Config	88	static
main.c:399:13:MX_USART2_UART_Init	8	static
main.c:432:13:MX_GPIO_Init	48	static
main.c:505:6:Error_Handler	4	static
